Script started on 2025-09-03 14:41:00-03:00 [COMMAND="./caly.sh" TERM="xterm-256color" TTY="/dev/pts/2" COLUMNS="120" LINES="30"]
[H[2J[3J[1;35m=======================================================[0m
[1;35m  ~|~  R I T U A L   D E   C A L A M I D A D E  ~|~   [0m
[1;35m=======================================================[0m

[1;32m>>> Alvo do Ritual: Dispositivo [1;36mr8q[0m. A Realidade será moldada para ele.

[1;33m==============================================[0m
[1;33mEnfraquecer a Membrana do Sistema? (SELinux Permissivo)[0m
[1;33m----------------------------------------------[0m
[1;32mConfirmar[0m
[1;32mNegar (padrão)[0m
[1;33m==============================================[0m
 - Sua ordem: 
[1;33m>>> Insira o codinome para esta Manifestação de Calamidade:[0m
 - Nome do Artefato: CL ALY-Madness-Beta5.1-KSUFIX
[1;32m>>> Decifrando os Símbolos de Configuração...[0m
make[1]: Entering directory '/home/neroki/CalamityKernel-r8q/out'
  GEN     ./Makefile
drivers/leds/Kconfig:815:warning: ignoring type redefinition of 'LEDS_KTD2692' from 'tristate' to 'bool'
drivers/samsung/debug/Kconfig:4:warning: ignoring type redefinition of 'SEC_DEBUG' from 'bool' to 'tristate'
#
# configuration written to .config
#
make[1]: Leaving directory '/home/neroki/CalamityKernel-r8q/out'
make[1]: Entering directory '/home/neroki/CalamityKernel-r8q/out'
  GEN     ./Makefile
scripts/kconfig/conf  --olddefconfig Kconfig
drivers/leds/Kconfig:815:warning: ignoring type redefinition of 'LEDS_KTD2692' from 'tristate' to 'bool'
drivers/samsung/debug/Kconfig:4:warning: ignoring type redefinition of 'SEC_DEBUG' from 'bool' to 'tristate'
#
# configuration written to .config
#
make[1]: Leaving directory '/home/neroki/CalamityKernel-r8q/out'
[1;35m=======================================================[0m
[1;35m    INICIANDO O RITUAL DE MANIFESTAÇÃO... CUIDADO.    [0m
[1;35m=======================================================[0m
make[1]: Entering directory '/home/neroki/CalamityKernel-r8q/out'
  GEN     ./Makefile
scripts/kconfig/conf  --syncconfig Kconfig
drivers/leds/Kconfig:815:warning: ignoring type redefinition of 'LEDS_KTD2692' from 'tristate' to 'bool'
drivers/samsung/debug/Kconfig:4:warning: ignoring type redefinition of 'SEC_DEBUG' from 'bool' to 'tristate'
  UPD     include/config/kernel.release
  GEN     ./Makefile
  UPD     include/generated/utsrelease.h
-- KernelSU-Next version: 12797
-- KernelSU-Next Manager signature size: 0x3e6
-- KernelSU-Next Manager signature hash: 79e590113c4c4c0c222978e413a5faa801666957b1212a328e46c00c69821bf7
  Using .. as source for kernel
  CALL    ../scripts/checksyscalls.sh
  CHK     include/generated/compile.h
  CC      init/version.o
  AR      init/built-in.a
  CC      kernel/sys.o
  CC      kernel/trace/trace.o
  CC      drivers/base/firmware_loader/fallback_table.o
  CC      drivers/base/firmware_loader/main.o
  CC      drivers/base/firmware_loader/fallback.o
  AR      drivers/base/firmware_loader/built-in.a
  AR      drivers/base/built-in.a
  CC      kernel/module.o
  AR      kernel/trace/built-in.a
  GZIP    kernel/config_data.gz
  CHK     kernel/kheaders_data.tar.xz
-- KernelSU-Next version: 12797
-- KernelSU-Next Manager signature size: 0x3e6
-- KernelSU-Next Manager signature hash: 79e590113c4c4c0c222978e413a5faa801666957b1212a328e46c00c69821bf7
  CC      drivers/kernelsu/ksu.o
  CC      drivers/kernelsu/allowlist.o
  CC      drivers/kernelsu/apk_sign.o
  CC      drivers/kernelsu/sucompat.o
  DTC     arch/arm64/boot/dts/samsung/r8q/../../vendor/qcom/kona.dtb
  DTC     arch/arm64/boot/dts/samsung/r8q/../../vendor/qcom/kona-v2.dtb
  DTC     arch/arm64/boot/dts/samsung/r8q/../../vendor/qcom/kona-v2.1.dtb
  CC      drivers/kernelsu/throne_tracker.o
  GEN     kernel/kheaders_data.tar.xz
  DTC     arch/arm64/boot/dts/samsung/common/kona-sec-system-update-overlay.dtbo
  CC      drivers/kernelsu/core_hook.o
  CC      drivers/kernelsu/ksud.o
  CC      drivers/kernelsu/embed_ksud.o
  CC      drivers/kernelsu/kernel_compat.o
  CC      drivers/kernelsu/selinux/selinux.o
  CC      drivers/kernelsu/selinux/sepolicy.o
  CC      drivers/kernelsu/selinux/rules.o
  DTC     arch/arm64/boot/dts/samsung/r8q/kona-sec-r8q-eur-overlay-r00.dtbo
  DTC     arch/arm64/boot/dts/samsung/r8q/kona-sec-r8q-eur-overlay-r01.dtbo
  UPD     kernel/config_data.h
  DTC     arch/arm64/boot/dts/samsung/r8q/kona-sec-r8q-eur-overlay-r02.dtbo
  DTC     arch/arm64/boot/dts/samsung/r8q/kona-sec-r8q-eur-overlay-r03.dtbo
  CC      kernel/configs.o
  DTC     arch/arm64/boot/dts/samsung/r8q/kona-sec-r8q-eur-overlay-r04.dtbo
  DTC     arch/arm64/boot/dts/samsung/r8q/kona-sec-r8q-eur-overlay-r05.dtbo
  DTC     arch/arm64/boot/dts/samsung/r8q/kona-sec-r8q-eur-overlay-r06.dtbo
  DTC     arch/arm64/boot/dts/samsung/r8q/kona-sec-r8q-eur-overlay-r07.dtbo
  AR      drivers/kernelsu/built-in.a
  DTC     arch/arm64/boot/dts/samsung/r8q/kona-sec-r8q-eur-overlay-r08.dtbo
  DTC     arch/arm64/boot/dts/samsung/r8q/kona-sec-r8q-eur-overlay-r09.dtbo
  DTC     arch/arm64/boot/dts/samsung/r8q/kona-sec-r8q-eur-overlay-r10.dtbo
  DTBOIMG arch/arm64/boot/dtbo.img
  AR      drivers/built-in.a
  CC      kernel/kheaders.o
  AR      kernel/built-in.a
  GEN     .version
  CHK     include/generated/compile.h
  UPD     include/generated/compile.h
  CC      init/version.o
  AR      init/built-in.a
  AR      built-in.a
  MODPOST vmlinux.o
  KSYM    .tmp_kallsyms1.o
  KSYM    .tmp_kallsyms2.o
  LD      vmlinux
  SORTEX  vmlinux
  SYSMAP  System.map
  OBJCOPY arch/arm64/boot/Image
  DTC     arch/arm64/boot/dts/vendor/qcom/kona.dtb
  DTC     arch/arm64/boot/dts/vendor/qcom/kona-v2.dtb
  DTC     arch/arm64/boot/dts/vendor/qcom/kona-v2.1.dtb
  Building modules, stage 2.
  MODPOST 4 modules
  CC      drivers/media/dvb-frontends/af9013.mod.o
  CC      drivers/media/dvb-frontends/lgdt3306a.mod.o
  CC      drivers/media/dvb-frontends/m88ds3103.mod.o
  CC      drivers/media/spi/cxd2880-spi.mod.o
echo -n 'UNCOMPRESSED_IMG' > arch/arm64/boot/Image-dtb-hdr && \
true >> arch/arm64/boot/Image-dtb-hdr
  LD [M]  drivers/media/dvb-frontends/lgdt3306a.ko
  LD [M]  drivers/media/dvb-frontends/af9013.ko
  LD [M]  drivers/media/dvb-frontends/m88ds3103.ko
  LD [M]  drivers/media/spi/cxd2880-spi.ko
  CAT     arch/arm64/boot/Image-dtb
make[1]: Leaving directory '/home/neroki/CalamityKernel-r8q/out'
[1;32m>>> O Símbolo foi manifestado! Selando a energia no Receptáculo...[0m
  adding: anykernel.sh (deflated 57%)
  adding: dtb (deflated 83%)
  adding: Image (deflated 55%)
  adding: LICENSE (deflated 73%)
  adding: dtbo.img (deflated 82%)
  adding: patch/ (stored 0%)
  adding: patch/placeholder (stored 0%)
  adding: ramdisk/ (stored 0%)
  adding: ramdisk/placeholder (stored 0%)
  adding: META-INF/ (stored 0%)
  adding: META-INF/com/ (stored 0%)
  adding: META-INF/com/google/ (stored 0%)
  adding: META-INF/com/google/android/ (stored 0%)
  adding: META-INF/com/google/android/updater-script (deflated 1%)
  adding: META-INF/com/google/android/update-binary (deflated 72%)
  adding: tools/ (stored 0%)
  adding: tools/magiskboot (deflated 33%)
  adding: tools/lptools_static (deflated 38%)
  adding: tools/fec (deflated 40%)
  adding: tools/magiskpolicy (deflated 42%)
  adding: tools/ak3-core.sh (deflated 74%)
  adding: tools/busybox (deflated 39%)
  adding: tools/httools_static (deflated 38%)
  adding: tools/snapshotupdater_static (deflated 43%)
  adding: README.md (deflated 61%)
  adding: banner (deflated 57%)
  adding: modules/ (stored 0%)
  adding: modules/system/ (stored 0%)
  adding: modules/system/lib/ (stored 0%)
  adding: modules/system/lib/modules/ (stored 0%)
  adding: modules/system/lib/modules/placeholder (stored 0%)
[1;32m=======================================================[0m
[1;32m     RITUAL CONCLUÍDO. A REALIDADE FOI ALTERADA.     [0m
[1;32m  Artefato: [1;36mAnyKernel3/CALY-Madness-Beta5.1-KSUFIX.zip[0m
[1;32m=======================================================[0m
[1;33m>>> O Ritual de Calamidade durou: 1 minuto(s) e 5 segundos de distorção temporal.[0m

Script done on 2025-09-03 14:42:27-03:00 [COMMAND_EXIT_CODE="0"]
